Obteniendo token de autenticaci¾n de Autodesk APS...
[OK] Token obtenido con Úxito!

--- 1. PREPARANDO ARCHIVOS ---
Verificando/Creando bucket 'dupla_dwg_bucket_test'...
[INFO] El bucket ya existe. Podemos usarlo.
Preparando subida para '8-_ACAD-PLANOS_GIUALCA_I_-_RV7_-_EXP.039-025.dwg_SOLO_IMPRESION.dwg'...
Generando URL firmada para '8-_ACAD-PLANOS_GIUALCA_I_-_RV7_-_EXP.039-025.dwg_SOLO_IMPRESION.dwg' (write)...
[OK] URL firmada generada con Úxito.
Subiendo '8-_ACAD-PLANOS_GIUALCA_I_-_RV7_-_EXP.039-025.dwg_SOLO_IMPRESION.dwg' al bucket 'dupla_dwg_bucket_test'...
[OK] Archivo subido con Úxito!

--- 2. CONFIGURANDO PERMISOS TEMPORALES ---
Generando URL firmada para '8-_ACAD-PLANOS_GIUALCA_I_-_RV7_-_EXP.039-025.dwg_SOLO_IMPRESION.dwg' (read)...
[OK] URL firmada generada con Úxito.
Generando URL firmada para 'resultados_extraccion.json' (readWrite)...
[OK] URL firmada generada con Úxito.

--- 3. EJECUTANDO EXTRACCIËN EN AUTODESK ---

5. Enviando Trabajo a Autodesk (WorkItem)...
[OK] Trabajo enviado! ID: f86bd012606841bdbb242270e2172336
Esperando a que el motor de AutoCAD termine de procesar el dibujo...
   Estado actual: inprogress...
   Estado actual: inprogress...
   Estado actual: inprogress...
   Estado actual: failedInstructions...
   Reporte de Autodesk: https://dasprod-store.s3.us-east-1.amazonaws.com/workItem/AncIVVnx9rAcOyJo55sGGEBkN33KY1eTKg3bMGSH8b0reeWn/f86bd012606841bdbb242270e2172336/report?X-Amz-Expires=3600&X-Amz-Security-Token=IQoJb3JpZ2luX2VjEMj%2F%2F%2F%2F%2F%2F%2F%2F%2F%2FwEaCXVzLWVhc3QtMSJGMEQCIFzWph4E6OuTeFbOVdPkx7ep1H6hnS9HBHDCBxeIvdtFAiA8oHl4xOfGpGK5pxRJ%2BvRbImURjLLu%2FbW7bUtrQWwGZyqEBAiR%2F%2F%2F%2F%2F%2F%2F%2F%2F%2F8BEAQaDDIyMDQ3MzE1MjMxMCIMD4IO8kHJOgbKVHjAKtgDukkZ5zFQR0DAS0XTUk6kLMS8RG3gy%2BbSMvvhDrsROVUWLgqpP%2FsHjaqer7O%2FCJ7RI6co1d6Y7GSiGeueHpnIFh9VsMtkJPx1vM1PwLP5h8rDq67JwHXiMoU4l4CsmCsSnJReLq9%2FgcV%2FrFNPN4pFJd2xxklfGPwBZXjnw%2BQXii%2BqfovZpcq5Gi719MvfxnFdDS%2Fg2v4bK6iCPwwdqJ8FeLSuxeQDpkXRlBivOFsGPxeW0csrPHKOO4CC79%2BWgzHxJt6SpWMID8lmrPP%2FvH6i%2B7zqTGyWzFv0lW1bgdOnLBQW8kRPZxo9fy9ZbDM88TnG%2BPq8XWp%2FM1nplYZETlLGlXElxSyhp3L87VjU4bpPmhiyCVA8joavcp4DKY5DCr3Zeeu6xkS6VPbWxsycjaAZus1T3Rc1QQJUNRx4a7NKxdRvPSJyaJi%2F3704WriFNINHqlRGrEOtmKbfsXbAeN1L%2FaLZXr88SdHlyWLwyboqilxL2lS%2Br9nStkrvmQNlBAxQC3Axmv4KYRGX9aaddZxsnxY3ZEoNh%2BXBcbumXrPGtvEXBl10DfNCgVZisg2Z%2BJUaL4BHrTn%2F0FRbIhV5MM6igikL5pbZFt2wpnaF%2F%2BRsZTZqKP3zrxGTrzDl5NDNBjqiAeFLaqUkjxt7%2Feu4EyyhL%2BRL0fq12hjvbKwC7G38qrPCjjUUuJshJrDy1AAuMi96oP9j2YcrS8zVj7qljyDVW9t8xkzJVYyD3BUcxOC7%2Bjd1P8ay5p4dtXT35sQZgENUQAe5WUNCenDz8aC3wYYsnjRP5ykIuMpRMLpoBPLMgZc%2BCBHdBQhJH5l8kiacRDZwSSQMTTjGlr6hYsODacbb9WmmbQ%3D%3D&X-Amz-Algorithm=AWS4-HMAC-SHA256&X-Amz-Credential=ASIATGVJZKM3KS56ODDG%2F20260313%2Fus-east-1%2Fs3%2Faws4_request&X-Amz-Date=20260313T155724Z&X-Amz-SignedHeaders=host&X-Amz-Signature=e41978832ee889e1bd876cbc2ddbabbf80c7c0cf0e30410190f4835b876f10c8

--- 4. DESCARGANDO RESULTADOS ---

[ERROR] La extracci¾n fall¾ con estado 'failedInstructions'.
Descargando el reporte de errores de Autodesk...

==================================================
--- REPORTE DE AUTOCAD ---
[03/13/2026 15:57:11] Job information:
{

  "CommandLine": [

    "$(engine.path)\\accoreconsole.exe /i \"$(args[inputFile].path)\" /al \"$(appbundles[DuplaExtractor].path)\" /s \"$(settings[script].path)\""

  ],

  "Settings": {

    "script": {

      "value": "EXTRACTDUPLADATA\n"

    },

    "dasOpenNetwork": {

      "value": "true",

      "isEnvironmentVariable": true

    }

  },

  "Id": "f86bd012606841bdbb242270e2172336",

  "ActivityId": "AncIVVnx9rAcOyJo55sGGEBkN33KY1eTKg3bMGSH8b0reeWn.DuplaExtractActivity+dev",

  "EngineId": "Autodesk.AutoCAD_24_3!42",

  "Apps": [

    "AncIVVnx9rAcOyJo55sGGEBkN33KY1eTKg3bMGSH8b0reeWn.DuplaExtractor!8"

  ],

  "BoundArguments": {

    "inputFile": {

      "localName": "$(inputFile)",

      "url": "https://cdn.us.oss.api.autodesk.com/Masked:WTdZpiYGj+bHH/EQP5rvZB4GAY4=",

      "verb": "get"

    },

    "outputJson": {

      "localName": "resultados.json",

      "url": "https://cdn.us.oss.api.autodesk.com/Masked:7UcdRF8PAx4Aw8CxiYsytxLU68Q=",

      "verb": "put"

    }

  },

  "Quotas": {

    "limitProcessingTimeSec": 100,

    "limitTotalUncompressedAppsSizeInMB": 500

  }

}

[03/13/2026 15:57:11] Starting work item f86bd012606841bdbb242270e2172336

[03/13/2026 15:57:11] Start download phase.

[03/13/2026 15:57:11] Start downloading input: verb - 'Get', url - 'https://cdn.us.oss.api.autodesk.com/oss/v2/signedresources/06326f4a-062c-41f1-848e-c08c9f35e838?region=US'

[03/13/2026 15:57:13] End downloading file. Source=https://cdn.us.oss.api.autodesk.com/oss/v2/signedresources/06326f4a-062c-41f1-848e-c08c9f35e838?region=US,LocalFile=C:\DARoot\Jobs\f86bd012606841bdbb242270e2172336\8-_ACAD-PLANOS_GIUALCA_I_-_RV7_-_EXP.039-025.dwg_SOLO_IMPRESION.dwg,BytesDownloaded=20497504,Duration=1578ms

[03/13/2026 15:57:13] End download phase successfully.

[03/13/2026 15:57:13] Start preparing script and command line parameters.

[03/13/2026 15:57:13] Command line: [ /i "C:\DARoot\Jobs\f86bd012606841bdbb242270e2172336\8-_ACAD-PLANOS_GIUALCA_I_-_RV7_-_EXP.039-025.dwg_SOLO_IMPRESION.dwg" /al "C:\DARoot\Applications\2ee2fc8e0b8bf405c947660b6a2b4505.AncIVVnx9rAcOyJo55sGGEBkN33KY1eTKg3bMGSH8b0reeWn.DuplaExtractor[8].package" /s "C:\DARoot\Jobs\f86bd012606841bdbb242270e2172336\setting_script.scr"]

[03/13/2026 15:57:13] End preparing script and command line parameters.

[03/13/2026 15:57:13] Start script phase.

[03/13/2026 15:57:13] Start AutoCAD Core Engine standard output dump.

[03/13/2026 15:57:14] Redirect stdout (file: C:\DARoot\Jobs\f86bd012606841bdbb242270e2172336\tmp\accc42882).

[03/13/2026 15:57:14] AcCoreConsole: StdOutConsoleMode: processed-output: disabled,auto

[03/13/2026 15:57:14] AutoCAD Core Engine Console - Copyright 2023 Autodesk, Inc.  All rights reserved. (U.61.Z.194)

[03/13/2026 15:57:14] Execution Path:

[03/13/2026 15:57:14] C:\DARoot\AcesRoot\24.3\coreEngine\Exe\accoreconsole.exe

[03/13/2026 15:57:14] Current Directory: C:\DARoot\Jobs\f86bd012606841bdbb242270e2172336

[03/13/2026 15:57:14] Isolating to regkey=HKEY_CURRENT_USER\SOFTWARE\AppDataLow\Software\Autodesk\CoreUser\WorkItem_f86bd012606841bdbb242270e2172336, userDataFolder=C:\DARoot\Jobs\f86bd012606841bdbb242270e2172336\userdata.

[03/13/2026 15:57:14] Version Number: U.61.Z.194 (UNICODE)

[03/13/2026 15:57:14] LogFilePath has been set to the working folder.

[03/13/2026 15:57:14] Loading AEC Base...

[03/13/2026 15:57:14] Loading AEC Base Extended...

[03/13/2026 15:57:14] Loading AEC Core...

[03/13/2026 15:57:14] Loading AEC Project Base...

[03/13/2026 15:57:14] Loading AEC Architectural Base...

[03/13/2026 15:57:14] Loading AEC Schedule...

[03/13/2026 15:57:14] Loading AECC Base...

[03/13/2026 15:57:14] Loading Modeler DLLs.

[03/13/2026 15:57:14] Loading AecCivilBase...

[03/13/2026 15:57:14] Loading AECC QTO......

[03/13/2026 15:57:14] Loading AECC Land...

[03/13/2026 15:57:14] Loading AECC Base Core...

[03/13/2026 15:57:14] Loading AECC Survey...

[03/13/2026 15:57:14] Loading AECC Roadway...

[03/13/2026 15:57:14] Loading AECC Pipe Part...

[03/13/2026 15:57:14] Loading AECC Pipe Network...

[03/13/2026 15:57:14] Unable to access Shared Pipe Catalog folder.

[03/13/2026 15:57:14]  Please verify configuration.

[03/13/2026 15:57:14]  Run 'setNetworkCatalog' to reset.

[03/13/2026 15:57:14] Unable to access Shared Pipe Catalog folder.

[03/13/2026 15:57:14]  Please verify configuration.

[03/13/2026 15:57:14]  Run 'setNetworkCatalog' to reset.

[03/13/2026 15:57:14] Loading AECC Pressure Pipes...

[03/13/2026 15:57:14] Loading AECC Building Site...

[03/13/2026 15:57:14] Loading AECC DwgIndxExtractor...

[03/13/2026 15:57:14] Loading AECC Point Cloud...

[03/13/2026 15:57:14] Loading AECC ETransmit...

[03/13/2026 15:57:14] Loading AECC Plan Production...

[03/13/2026 15:57:14] Loading AECC Hydrology...

[03/13/2026 15:57:14] Loading AECC Bridge...

[03/13/2026 15:57:14] Loading AECC Rail...

[03/13/2026 15:57:15] Substituting [simplex.shx] for [Britannic Bold].

[03/13/2026 15:57:15] Substituting [simplex.shx] for [Britannic Bold].

[03/13/2026 15:57:15] Substituting [simplex.shx] for [Britannic Bold].

[03/13/2026 15:57:15] Substituting [simplex.shx] for [Britannic Bold].

[03/13/2026 15:57:15] Substituting [simplex.shx] for [Britannic Bold].

[03/13/2026 15:57:15] Substituting [simplex.shx] for [Britannic Bold].

[03/13/2026 15:57:15] Substituting [simplex.shx] for [Britannic Bold].

[03/13/2026 15:57:15] Substituting [simplex.shx] for [Britannic Bold].

[03/13/2026 15:57:15] Substituting [simplex.shx] for [Britannic Bold].

[03/13/2026 15:57:15] Regenerating model.

[03/13/2026 15:57:21] AutoCAD menu utilities loaded.

[03/13/2026 15:57:21] Command:

[03/13/2026 15:57:21] Command: Enter BACKSPACE to interrupt script.

[03/13/2026 15:57:21] Command:

[03/13/2026 15:57:21] Command: EXTRACTDUPLADATA

[03/13/2026 15:57:21] Unknown command "EXTRACTDUPLADATA".  Press F1 for help.

[03/13/2026 15:57:22] End AutoCAD Core Engine standard output dump.

[03/13/2026 15:57:22] End script phase.

[03/13/2026 15:57:22] Start upload phase.

[03/13/2026 15:57:22] Error: Non-optional output [resultados.json] is missing.

[03/13/2026 15:57:22] Error: An unexpected error happened during phase Publishing of job.

[03/13/2026 15:57:22] Job finished with result FailedMissingOutput

[03/13/2026 15:57:22] Job Status:

{

  "status": "failedInstructions",

  "reportUrl": "https://dasprod-store.s3.us-east-1.amazonaws.com/workItem/AncIVVnx9rAcOyJo55sGGEBkN33KY1eTKg3bMGSH8b0reeWn/f86bd012606841bdbb242270e2172336/report?X-Amz-Expires=8100&X-Amz-Security-Token=IQoJb3JpZ2luX2VjEMj%2F%2F%2F%2F%2F%2F%2F%2F%2F%2FwEaCXVzLWVhc3QtMSJHMEUCIQDHNT9B6i%2FkwRIMqxzc1EoKbkhPXtOGMkpU6n1%2FSxomnwIgPvqsZyBtFLrmwkuhJE98TCI8%2BbW6N%2Fex0kD%2FD%2BT5hhIqhAQIkf%2F%2F%2F%2F%2F%2F%2F%2F%2F%2FARAEGgwyMjA0NzMxNTIzMTAiDJnVFh7GMVH%2F1tye9yrYAyb2FDpyqm4Tu2eB%2FjbuDKF1fOy1sJwTIxCTZpG4QfSXfc61kPSHqwWo1OWFmEqyt5yrhELIMT7fUjBOMYt5M3JulqkpxrD6JGa0WwVljAK4EdSVN5sDXE%2B5CvMe7BKJTv7IP%2F3qB0ujof%2FElIxfZB8QNvIV1wn7MjwRngpR4zvqm5hc7SY%2BclVPptEydM0puQdEwFOOkcrFF4WZWGJEF0tZrxMxScVBY3wy3ANRTso015Rdta2X5ZIrHs9h%2FWSukHakUUCd0qMBx3hM%2FMbtcesFKwtF8pZcirpHRIH1PDaXKJ%2BmlKReGCNAmByaWYKTdPhHXlCkZzS9hidYALAed5%2FoZzxRgtYJxselKy2iq0Ei9UscszSohN%2FfNXm0nCk4bpMrZavyg9mWkITbLnPhMW2WSuZftV4II%2F1Ww0TPbDLi3VPJ%2F8mh%2BlyS0y%2BKyCu49xlP2REVdTewZfoaA%2Bqyh%2BeCqoJfpeO8c3SZbdWNQTSXMpzmijPZ0f%2FZryPUElcT2NUUlTIIVpg144bNE8Gc%2BDP%2FUtKJH8bmzE3mGYDoqwb3HQvrt0Yg4FdGxTaV9raXgrf%2FrOfrBxgI2b1F%2FBdE84%2F2g9XKIyR%2B1LVcxdXNQZSYBcdRDE41qsQw5eTQzQY6oQHQkNvRbQUWc95B4QGxAFqd%2F2Q05ykOaaq8ptVqlnlwNx1pY3hgnIrHBthsya8U9F00C7BOOC34zSDxUJ03V9R1ZnROkCbEGjgE0LJ4%2BXJ1tOCfndzrq9nT2T5o%2BBz4NVTjK0GKv%2B6jQNW4D4N%2FVNhBkpa0SL2Ofd8JPuC8haqyJ0wDWsy9iSfJ4%2FHR%2Fsn%2BzQBIwEoPvg9aw8E%2BB96rLxaF%2BQ%3D%3D&X-Amz-Algorithm=AWS4-HMAC-SHA256&X-Amz-Credential=ASIATGVJZKM3NUIU2OVW%2F20260313%2Fus-east-1%2Fs3%2Faws4_request&X-Amz-Date=20260313T155711Z&X-Amz-SignedHeaders=host&X-Amz-Signature=0e93c2a536b5fd899eecacb9250a85933c776ae9ab7448c01c36561d33be4e6f",

  "activityId": "AncIVVnx9rAcOyJo55sGGEBkN33KY1eTKg3bMGSH8b0reeWn.DuplaExtractActivity+dev",

  "stats": {

    "timeQueued": "2026-03-13T15:57:11.583763Z",

    "timeDownloadStarted": "2026-03-13T15:57:11.6569127Z",

    "timeInstructionsStarted": "2026-03-13T15:57:13.3606714Z",

    "timeInstructionsEnded": "2026-03-13T15:57:22.3728292Z",

    "timeUploadEnded": "2026-03-13T15:57:22.3733683Z",

    "bytesDownloaded": 20497504

  },

  "id": "f86bd012606841bdbb242270e2172336"

}


==================================================

Revisa el reporte arriba para ver por quÚ fall¾ el WorkItem.
